HI-TECH Software C Compiler 

Linker command line:

--edf=C:\Program Files (x86)\HI-TECH Software\PICC\9.80\dat\en_msgs.txt -cs \
  -h+USART.sym -z -Q16F877A -ol.obj -MUSART.map -E1 -ACONST=00h-0FFhx32 \
  -ACODE=00h-07FFhx4 -ASTRCODE=00h-01FFFh -AENTRY=00h-0FFhx32 \
  -ASTRING=00h-0FFhx32 -ABANK0=020h-06Fh -ABANK1=0A0h-0EFh \
  -ABANK2=0110h-016Fh -ABANK3=0190h-01EFh \
  -ARAM=020h-06Fh,0A0h-0EFh,0110h-016Fh,0190h-01EFh \
  -AABS1=020h-07Fh,0A0h-0EFh,0110h-016Fh,0190h-01EFh -ACOMMON=070h-07Fh \
  -ASFR0=00h-01Fh -ASFR1=080h-09Fh -ASFR2=0100h-010Fh -ASFR3=0180h-018Fh \
  -preset_vec=00h,intentry,init,end_init -ppowerup=CODE -pfunctab=CODE \
  -ACONFIG=02007h-02007h -pconfig=CONFIG -DCONFIG=2 -AIDLOC=02000h-02003h \
  -pidloc=IDLOC -DIDLOC=2 -AEEDATA=00h-0FFh/02100h -peeprom_data=EEDATA \
  -DEEDATA=2 -DCODE=2 -DSTRCODE=2 -DSTRING=2 -DCONST=2 -DENTRY=2 -k \
  startup.obj USART.obj 

Object code version is 3.10

Machine type is 16F877A



                Name                               Link     Load   Length Selector   Space Scale
startup.obj     end_init                              0        0        3        0       0
USART.obj       config                             2007     2007        1     400E       0
                text94                              77A      77A       18      EF4       0
                text93                              75C      75C        C      EB8       0
                text92                              768      768       12      ED0       0
                text91                              792      792       21      F24       0
                maintext                            7B3      7B3       4D      F66       0
                cstackCOMMON                         70       70        7       70       1
                cinit                               758      758        4      EB0       0
                strings                               3        3       48        6       0

TOTAL           Name                               Link     Load   Length     Space
        CLASS   CONST          

        CLASS   CODE           
                end_init                              0        0        3         0
                text94                              77A      77A       18         0
                text93                              75C      75C        C         0
                text92                              768      768       12         0
                text91                              792      792       21         0
                maintext                            7B3      7B3       4D         0
                cinit                               758      758        4         0

        CLASS   STRCODE        

        CLASS   ENTRY          

        CLASS   STRING         
                strings                               3        3       48         0

        CLASS   BANK0          

        CLASS   BANK1          

        CLASS   BANK2          

        CLASS   BANK3          

        CLASS   RAM            

        CLASS   ABS1           
                abs_s1                               7E       7E        2         1

        CLASS   COMMON         
                cstackCOMMON                         70       70        7         1

        CLASS   SFR0           

        CLASS   SFR1           

        CLASS   SFR2           

        CLASS   SFR3           

        CLASS   CONFIG         
                config                             2007     2007        1         0

        CLASS   IDLOC          

        CLASS   EEDATA         



SEGMENTS        Name                           Load    Length   Top    Selector   Space  Class     Delta

                reset_vec                      000000  000003  000003         0       0  CODE        2
                strings                        000003  000048  00004B         6       0  STRING      2
                cstackCOMMON                   000070  000007  000077        70       1  COMMON      1
                cinit                          000758  000004  00075C       EB0       0  CODE        2
                text93                         00075C  00000C  000768       EB8       0  CODE        2
                text92                         000768  000012  00077A       ED0       0  CODE        2
                text94                         00077A  000018  000792       EF4       0  CODE        2
                text91                         000792  000021  0007B3       F24       0  CODE        2
                maintext                       0007B3  00004D  000800       F66       0  CODE        2
                config                         002007  000001  002008      400E       0  CONFIG      2


UNUSED ADDRESS RANGES

        Name                Unused          Largest block    Delta
        BANK0            0020-006F             50           1
        BANK1            00A0-00EF             50           1
        BANK2            0110-016F             60           1
        BANK3            0190-01EF             60           1
        CODE             004B-0757            70D           2
                         0800-1FFF            800
        COMMON           0077-007D              7           1
        CONST            004B-0757            100           2
                         0800-1FFF            100
        EEDATA           2100-21FF            100           2
        ENTRY            004B-0757            100           2
                         0800-1FFF            100
        IDLOC            2000-2003              4           2
        RAM              0020-006F             50           1
                         00A0-00EF             50
                         0110-016F             60
                         0190-01EF             60
        SFR0             0000-001F             20           1
        SFR1             0080-009F             20           1
        SFR2             0100-010F             10           1
        SFR3             0180-018F             10           1
        STRCODE          004B-0757            70D           2
                         0800-1FFF           1800
        STRING           004B-0757            100           2
                         0800-1FFF            100

                                  Symbol Table

??_Initialize_UART         cstackCOMMON 0070
??_UART_get_char           cstackCOMMON 0070
??_UART_send_char          cstackCOMMON 0070
??_UART_send_string        cstackCOMMON 0071
??_main                    cstackCOMMON 0073
?_Initialize_UART          cstackCOMMON 0070
?_UART_get_char            cstackCOMMON 0070
?_UART_send_char           cstackCOMMON 0070
?_UART_send_string         cstackCOMMON 0070
?_main                     cstackCOMMON 0070
UART_send_char@bt          cstackCOMMON 0070
UART_send_string@st_pt     cstackCOMMON 0072
_BRGH                      (abs)        04C2
_CREN                      (abs)        00C4
_Initialize_UART           text94       077A
_OERR                      (abs)        00C1
_RB3                       (abs)        0033
_RCIF                      (abs)        0065
_RCREG                     (abs)        001A
_RX9                       (abs)        00C6
_SPBRG                     (abs)        0099
_SPEN                      (abs)        00C7
_SYNC                      (abs)        04C4
_TRISB                     (abs)        0086
_TRISC6                    (abs)        043E
_TRISC7                    (abs)        043F
_TX9                       (abs)        04C6
_TXEN                      (abs)        04C5
_TXIF                      (abs)        0064
_TXREG                     (abs)        0019
_UART_get_char             text92       0768
_UART_send_char            text93       075C
_UART_send_string          text91       0792
__Habs1                    abs1         0000
__Hbank0                   bank0        0000
__Hbank1                   bank1        0000
__Hbank2                   bank2        0000
__Hbank3                   bank3        0000
__Hcinit                   cinit        0000
__Hclrtext                 clrtext      0000
__Hcode                    code         0000
__Hcommon                  common       0000
__Hconfig                  config       2008
__HcstackCOMMON            cstackCOMMON 0000
__Heeprom_data             eeprom_data  0000
__Hend_init                end_init     0003
__Hfunctab                 functab      0000
__Hidloc                   idloc        0000
__Hinit                    init         0000
__Hintentry                intentry     0000
__Hmaintext                maintext     0000
__Hpowerup                 powerup      0000
__Hram                     ram          0000
__Hreset_vec               reset_vec    0000
__Hsfr0                    sfr0         0000
__Hsfr1                    sfr1         0000
__Hsfr2                    sfr2         0000
__Hsfr3                    sfr3         0000
__Hstrings                 strings      0000
__Htext                    text         0000
__Labs1                    abs1         0000
__Lbank0                   bank0        0000
__Lbank1                   bank1        0000
__Lbank2                   bank2        0000
__Lbank3                   bank3        0000
__Lcinit                   cinit        0000
__Lclrtext                 clrtext      0000
__Lcode                    code         0000
__Lcommon                  common       0000
__Lconfig                  config       2007
__LcstackCOMMON            cstackCOMMON 0000
__Leeprom_data             eeprom_data  0000
__Lend_init                end_init     0000
__Lfunctab                 functab      0000
__Lidloc                   idloc        0000
__Linit                    init         0000
__Lintentry                intentry     0000
__Lmaintext                maintext     0000
__Lpowerup                 powerup      0000
__Lram                     ram          0000
__Lreset_vec               reset_vec    0000
__Lsfr0                    sfr0         0000
__Lsfr1                    sfr1         0000
__Lsfr2                    sfr2         0000
__Lsfr3                    sfr3         0000
__Lstrings                 strings      0000
__Ltext                    text         0000
__S0                       (abs)        2008
__S1                       (abs)        0077
__S2                       (abs)        0000
__end_of_Initialize_UART   text94       0792
__end_of_UART_get_char     text92       077A
__end_of_UART_send_char    text93       0768
__end_of_UART_send_string  text91       07B3
__end_of_main              maintext     0800
__pcstackCOMMON            cstackCOMMON 0070
__pmaintext                maintext     07B3
__pstrings                 strings      0003
__ptext90                  text90       0000
__ptext91                  text91       0792
__ptext92                  text92       0768
__ptext93                  text93       075C
__ptext94                  text94       077A
__ptext95                  text95       0000
__size_of_Initialize_UART  (abs)        0000
__size_of_UART_get_char    (abs)        0000
__size_of_UART_send_char   (abs)        0000
__size_of_UART_send_string (abs)        0000
__size_of_main             (abs)        0000
_exit                      init         0000
_main                      maintext     07B3
btemp                      (abs)        007E
end_of_initialization      cinit        0758
intlevel0                  functab      0000
intlevel1                  functab      0000
intlevel2                  functab      0000
intlevel3                  functab      0000
intlevel4                  functab      0000
intlevel5                  functab      0000
main@get_value             cstackCOMMON 0075
reset_vec                  reset_vec    0000
start                      init         0000
start_initialization       cinit        0758
wtemp0                     (abs)        007E
